WARN  failed to run `@example` block in docs/src/examples/simple_strait.md:141-143
```@example simple_strait
run!(simulation)
```
 [2025/09/07 20:25:15.743] --> /home/runner/.julia/packages/Documenter/eoWm2/src/utilities/utilities.jl:49
DEBUG Evaluating @example block:
plot_sim(joinpath(dir, floe_fn), joinpath(dir, init_fn), Δt, joinpath(dir, "simple_strait.mp4")) [2025/09/07 20:25:15.744] --> /home/runner/.julia/packages/Documenter/eoWm2/src/expander_pipeline.jl:837
DEBUG Running ExpanderPipeline on index.md [2025/09/07 20:25:20.247] --> /home/runner/.julia/packages/Documenter/eoWm2/src/expander_pipeline.jl:54
DEBUG Evaluating @docs block:
Subzero [2025/09/07 20:25:20.247] --> /home/runner/.julia/packages/Documenter/eoWm2/src/expander_pipeline.jl:420
DEBUG Running ExpanderPipeline on tutorial.md [2025/09/07 20:25:20.256] --> /home/runner/.julia/packages/Documenter/eoWm2/src/expander_pipeline.jl:54
DEBUG Evaluating @meta block:
EditURL = "../literate/tutorial.jl" [2025/09/07 20:25:20.256] --> /home/runner/.julia/packages/Documenter/eoWm2/src/expander_pipeline.jl:337
DEBUG Evaluating @example block:
using Subzero  # bring Subzero into scope
using CairoMakie, GeoInterfaceMakie # bring plotting packages into scope
import GeoInterface as GI
using Random [2025/09/07 20:25:20.257] --> /home/runner/.julia/packages/Documenter/eoWm2/src/expander_pipeline.jl:837
DEBUG Evaluating @example block:
grid = RegRectilinearGrid(; x0 = -1e5, xf = 1e5, y0 = 0.0, yf = 1e5, Nx = 20, Ny = 10) [2025/09/07 20:25:20.259] --> /home/runner/.julia/packages/Documenter/eoWm2/src/expander_pipeline.jl:837
DEBUG Evaluating @example block:
fig = Figure();
ax1 = Axis(fig[1, 1];  # set up axis tick marks to match grid cells
    title = "Grid Setup",
    xticks = range(grid.x0, grid.xf, 5), xminorticks = IntervalsBetween(5),
    xminorticksvisible = true, xminorgridvisible = true, xticklabelrotation = pi/4,
    yticks = range(grid.y0, grid.yf, 3), yminorticks = IntervalsBetween(5),
    yminorticksvisible = true, yminorgridvisible = true,
)
lines!(  # plot boundary of grid with a dashed line
    [grid.x0, grid.x0, grid.xf, grid.xf, grid.x0],  # point x-values
    [grid.y0, grid.yf, grid.yf, grid.y0, grid.y0];  # point y-values
    linestyle = :dash, linewidth = 3.0) [2025/09/07 20:25:20.260] --> /home/runner/.julia/packages/Documenter/eoWm2/src/expander_pipeline.jl:837
DEBUG Evaluating @example block:
colsize!(fig.layout, 1, Aspect(1, 2))
resize_to_layout!(fig)
fig  # display the figure [2025/09/07 20:25:20.487] --> /home/runner/.julia/packages/Documenter/eoWm2/src/expander_pipeline.jl:837
DEBUG Evaluating @example block:
north_bound = CollisionBoundary(North; grid)
south_bound = CollisionBoundary(South; grid)
east_bound = PeriodicBoundary(East; grid)
west_bound = PeriodicBoundary(West; grid) [2025/09/07 20:25:20.838] --> /home/runner/.julia/packages/Documenter/eoWm2/src/expander_pipeline.jl:837
DEBUG Evaluating @example block:
poly!(   # plot each of the boundaries with a 50% transparent color so we can see the overlap
    [north_bound.poly, south_bound.poly, east_bound.poly, west_bound.poly];
    color = [(:purple, 0.5), (:purple, 0.5), (:teal, 0.5), (:teal, 0.5)],
)
ax1.title = "Grid and Boundary Setup"
fig  # display the figure [2025/09/07 20:25:20.897] --> /home/runner/.julia/packages/Documenter/eoWm2/src/expander_pipeline.jl:837
DEBUG Evaluating @example block:
island1 = GI.Polygon([[(-6e4, 7.5e4), (-4e4, 5e4), (-2.5e4, 7e4), (-6e4, 7.5e4)]])
island2 = GI.Polygon([[(5e4, 2.5e4), (5e4, 5.5e4), (7.5e4, 3e4), (5e4, 2.5e4)]])
topo_list = [island1, island2] [2025/09/07 20:25:22.678] --> /home/runner/.julia/packages/Documenter/eoWm2/src/expander_pipeline.jl:837
DEBUG Evaluating @example block:
topo_field = initialize_topography_field(; polys = topo_list) [2025/09/07 20:25:23.034] --> /home/runner/.julia/packages/Documenter/eoWm2/src/expander_pipeline.jl:837
DEBUG Evaluating @example block:
topo_color = RGBf(115/255, 93/255, 55/255)  # brown color for topography
poly!(topo_field.poly; color = topo_color) # plot the topography
ax1.title = "Grid and Domain Setup"
fig  # display the figure [2025/09/07 20:25:23.152] --> /home/runner/.julia/packages/Documenter/eoWm2/src/expander_pipeline.jl:837
DEBUG Evaluating @example block:
domain = Domain(; north = north_bound, south = south_bound, east = east_bound, west = west_bound, topography = topo_field) [2025/09/07 20:25:23.318] --> /home/runner/.julia/packages/Documenter/eoWm2/src/expander_pipeline.jl:837
DEBUG Evaluating @example block:
function shear_flow_velocities(Nx, Ny, min_u, max_u)
    u_vals = fill(min_u, Nx, Ny)  # fill in field with min value
    increasing = true  # velocity values start by going up
    Δu = (max_u - min_u) / fld(Ny, 2)  # must reach max_u in the middle of the field
    curr_u = min_u + Δu  # first column already set to min_u
    for (i, col) in enumerate(eachcol(u_vals))
        (i == 1 || i == Ny) && continue  # edges already set to 0m/s
        col .= curr_u
        if increasing && curr_u == max_u  # reach max value and start decreasing velocity
            increasing = false
        end
        if increasing  # update velocity for next column
            curr_u += Δu
        else
            curr_u -= Δu
        end
    end
    return u_vals
end

u_vals = shear_flow_velocities(grid.Nx + 1, grid.Ny + 1, 0.0, 0.25)
ocean = Ocean(; u = u_vals, v = 0.0, temp = -1.0, grid) [2025/09/07 20:25:23.392] --> /home/runner/.julia/packages/Documenter/eoWm2/src/expander_pipeline.jl:837
DEBUG Evaluating @example block:
ax2 = Axis(fig[2, 1]; title = "Ocean U-Velocities [m/s]", xticklabelrotation = pi/4)
xs = grid.x0:grid.Δx:grid.xf
ys = grid.y0:grid.Δy:grid.yf
u_hm = heatmap!(ax2, xs, ys, ocean.u)
Colorbar(fig[2, end+1], u_hm)
resize_to_layout!(fig)
fig [2025/09/07 20:25:23.582] --> /home/runner/.julia/packages/Documenter/eoWm2/src/expander_pipeline.jl:837
DEBUG Evaluating @example block:
atmos = Atmos(; grid, u = 5.0, v = 0.0, temp = 0.0) [2025/09/07 20:25:23.723] --> /home/runner/.julia/packages/Documenter/eoWm2/src/expander_pipeline.jl:837
DEBUG Evaluating @example block:
nfloes = 30
concentrations = [0.5 0.0]  # the left half of the domain is 85% packed and the right has no floes
hmean, Δh = 1.0, 0.25
generator = VoronoiTesselationFieldGenerator(; nfloes, concentrations, hmean, Δh) [2025/09/07 20:25:23.825] --> /home/runner/.julia/packages/Documenter/eoWm2/src/expander_pipeline.jl:837
DEBUG Evaluating @example block:
floe_settings = FloeSettings(;
  min_floe_area = 1e5,
  max_floe_height = 5,
  subfloe_point_generator = SubGridPointsGenerator(; grid, npoint_per_cell = 2),
) [2025/09/07 20:25:23.964] --> /home/runner/.julia/packages/Documenter/eoWm2/src/expander_pipeline.jl:837
DEBUG Evaluating @example block:
floes = initialize_floe_field(; generator, domain, floe_settings, rng = Xoshiro(2)) [2025/09/07 20:25:24.063] --> /home/runner/.julia/packages/Documenter/eoWm2/src/expander_pipeline.jl:837
DEBUG Evaluating @example block:
floe_color = RGBf(217/255, 226/255, 225/255)  # blue color for floes
poly!(ax1, floes.poly; color = floe_color) # plot the topography
ax1.title = "Grid, Domain, and Floe Setup"
fig  # display the figure [2025/09/07 20:25:24.718] --> /home/runner/.julia/packages/Documenter/eoWm2/src/expander_pipeline.jl:837
DEBUG Evaluating @example block:
model = Model(; grid, domain, ocean, atmos, floes) [2025/09/07 20:25:24.829] --> /home/runner/.julia/packages/Documenter/eoWm2/src/expander_pipeline.jl:837
DEBUG Evaluating @example block:
consts = Constants() [2025/09/07 20:25:25.145] --> /home/runner/.julia/packages/Documenter/eoWm2/src/expander_pipeline.jl:837
DEBUG Evaluating @example block:
fracture_settings = FractureSettings(
        fractures_on = true,
        criteria = HiblerYieldCurve(floes),
        Δt = 75,
        npieces = 3,
        deform_on = false,
) [2025/09/07 20:25:25.146] --> /home/runner/.julia/packages/Documenter/eoWm2/src/expander_pipeline.jl:837
INFO  CrossReferences: building cross-references. [2025/09/07 20:25:25.527] --> /home/runner/.julia/packages/Documenter/eoWm2/src/builder_pipeline.jl:230
WARN  invalid local link/image: file does not exist in docs/src/api.md [2025/09/07 20:25:26.159] --> /home/runner/.julia/packages/Documenter/eoWm2/src/utilities/utilities.jl:49
WARN  invalid local link/image: file does not exist in docs/src/api.md [2025/09/07 20:25:26.161] --> /home/runner/.julia/packages/Documenter/eoWm2/src/utilities/utilities.jl:49
WARN  Cannot resolve @ref for md"[`AbstractDomainElement`](@ref)" in docs/src/api.md.
- No docstring found in doc for binding `Subzero.AbstractDomainElement`.
- No docstring found in doc for binding `Subzero.AbstractDomainElement`. [2025/09/07 20:25:26.275] --> /home/runner/.julia/packages/Documenter/eoWm2/src/utilities/utilities.jl:49
WARN  Cannot resolve @ref for md"[`AbstractDomainElement`](@ref)" in docs/src/api.md.
- No docstring found in doc for binding `Subzero.AbstractDomainElement`.
- No docstring found in doc for binding `Subzero.AbstractDomainElement`. [2025/09/07 20:25:26.279] --> /home/runner/.julia/packages/Documenter/eoWm2/src/utilities/utilities.jl:49
WARN  Cannot resolve @ref for md"[`DamageStressCalculator`](@ref)" in docs/src/api.md.
- No docstring found in doc for binding `Subzero.DamageStressCalculator`.
- No docstring found in doc for binding `Subzero.DamageStressCalculator`. [2025/09/07 20:25:26.281] --> /home/runner/.julia/packages/Documenter/eoWm2/src/utilities/utilities.jl:49
WARN  Cannot resolve @ref for md"[`PolyVec`](@ref)" in docs/src/api.md.
- No docstring found in doc for binding `Subzero.PolyVec`.
- No docstring found in doc for binding `Main.PolyVec`. [2025/09/07 20:25:26.281] --> /home/runner/.julia/packages/Documenter/eoWm2/src/utilities/utilities.jl:49
WARN  Cannot resolve @ref for md"[`PolyVec`](@ref)" in docs/src/api.md.
- No docstring found in doc for binding `Subzero.PolyVec`.
- No docstring found in doc for binding `Main.PolyVec`. [2025/09/07 20:25:26.282] --> /home/runner/.julia/packages/Documenter/eoWm2/src/utilities/utilities.jl:49
WARN  invalid local link/image: file does not exist in docs/src/api.md [2025/09/07 20:25:26.283] --> /home/runner/.julia/packages/Documenter/eoWm2/src/utilities/utilities.jl:49
WARN  invalid local link/image: file does not exist in docs/src/api.md [2025/09/07 20:25:26.283] --> /home/runner/.julia/packages/Documenter/eoWm2/src/utilities/utilities.jl:49
WARN  Cannot resolve @ref for md"[`AbstractSubFloePointsGenerator`](@ref)" in docs/src/api.md.
- No docstring found in doc for binding `Subzero.AbstractSubFloePointsGenerator`.
- No docstring found in doc for binding `Subzero.AbstractSubFloePointsGenerator`. [2025/09/07 20:25:26.283] --> /home/runner/.julia/packages/Documenter/eoWm2/src/utilities/utilities.jl:49
WARN  Cannot resolve @ref for md"[`AbstractStressCalculator`](@ref)" in docs/src/api.md.
- No docstring found in doc for binding `Subzero.AbstractStressCalculator`.
- No docstring found in doc for binding `Subzero.AbstractStressCalculator`. [2025/09/07 20:25:26.283] --> /home/runner/.julia/packages/Documenter/eoWm2/src/utilities/utilities.jl:49
WARN  Cannot resolve @ref for md"[`AbstractSubFloePointsGenerator`](@ref)" in docs/src/api.md.
- No docstring found in doc for binding `Subzero.AbstractSubFloePointsGenerator`.
- No docstring found in doc for binding `Subzero.AbstractSubFloePointsGenerator`. [2025/09/07 20:25:26.283] --> /home/runner/.julia/packages/Documenter/eoWm2/src/utilities/utilities.jl:49
WARN  Cannot resolve @ref for md"[`DomainElements`](@ref)" in docs/src/api.md.
- No docstring found in doc for binding `Subzero.DomainElements`.
- No docstring found in doc for binding `Main.DomainElements`. [2025/09/07 20:25:26.284] --> /home/runner/.julia/packages/Documenter/eoWm2/src/utilities/utilities.jl:49
WARN  Cannot resolve @ref for md"[`_initialize_floe_field!`](@ref)" in docs/src/api.md.
- No docstring found in doc for binding `Subzero._initialize_floe_field!`.
- No docstring found in doc for binding `Main._initialize_floe_field!`. [2025/09/07 20:25:26.285] --> /home/runner/.julia/packages/Documenter/eoWm2/src/utilities/utilities.jl:49
WARN  Cannot resolve @ref for md"[`AbstractSubFloePointsGenerator`](@ref)" in docs/src/api.md.
- No docstring found in doc for binding `Subzero.AbstractSubFloePointsGenerator`.
- No docstring found in doc for binding `Subzero.AbstractSubFloePointsGenerator`. [2025/09/07 20:25:26.286] --> /home/runner/.julia/packages/Documenter/eoWm2/src/utilities/utilities.jl:49
WARN  invalid local link/image: file does not exist in docs/src/index.md [2025/09/07 20:25:26.294] --> /home/runner/.julia/packages/Documenter/eoWm2/src/utilities/utilities.jl:49
WARN  invalid local link/image: file does not exist in docs/src/tutorial.md [2025/09/07 20:25:26.294] --> /home/runner/.julia/packages/Documenter/eoWm2/src/utilities/utilities.jl:49
INFO  CheckDocument: running document checks. [2025/09/07 20:25:28.299] --> /home/runner/.julia/packages/Documenter/eoWm2/src/builder_pipeline.jl:237
DEBUG checking for missing docstrings. [2025/09/07 20:25:28.299] --> /home/runner/.julia/packages/Documenter/eoWm2/src/docchecks.jl:42
WARN  120 docstrings not included in the manual:

    Subzero.floe_floe_raft! :: Union{Tuple{FT}, Tuple{StructArrays.StructArray{<:Floe{FT}}, Vararg{Any, 10}}} where FT
    Subzero.remove_floes! :: NTuple{5, Any}
    Subzero.smooth_floes! :: Union{Tuple{FT}, Tuple{StructArrays.StructArray{Floe{FT}}, Vararg{Any, 6}}} where FT<:AbstractFloat
    Subzero.calc_friction_forces :: Union{Tuple{FT}, Tuple{Any, Any, Any, Matrix{FT}, Any, Any, Any}} where FT
    Subzero.generate_subfloe_points :: Union{Tuple{FT}, Tuple{MonteCarloPointsGenerator{FT}, Vararg{Any, 5}}} where FT<:AbstractFloat
    Subzero.generate_subfloe_points :: Union{Tuple{FT}, Tuple{SubGridPointsGenerator{FT}, Vararg{Any, 5}}} where FT<:AbstractFloat
    Subzero.which_points_on_edges :: Tuple{Any, Any}
    Subzero.check_cell_bounds :: Tuple{Any, Any, Any, Any, Any, Union{CollisionBoundary, MovingBoundary, OpenBoundary}, PeriodicBoundary}
    Subzero.check_cell_bounds :: Tuple{Any, Any, Any, Any, Any, PeriodicBoundary, Union{CollisionBoundary, MovingBoundary, OpenBoundary}}
    Subzero.check_cell_bounds :: Tuple{Any, Any, Any, Any, Any, Union{CollisionBoundary, MovingBoundary, OpenBoundary}, Union{CollisionBoundary, MovingBoundary, OpenBoundary}}
    Subzero.check_cell_bounds :: Tuple{Any, Any, Any, Any, Any, PeriodicBoundary, PeriodicBoundary}
    Subzero.hashole :: Union{Tuple{Array{Array{Vector{FT}, 1}, 1}}, Tuple{FT}} where FT<:AbstractFloat
    Subzero.hashole :: Tuple{GeoInterface.Wrappers.Polygon{false, false, Array{GeoInterface.Wrappers.LinearRing{false, false, Array{Tuple{T, T}, 1}, Nothing, Nothing}, 1}, Nothing, Nothing} where T}
    Subzero.translate :: Union{Tuple{FT}, Tuple{Array{Array{Vector{FT}, 1}, 1}, Any, Any}} where FT<:AbstractFloat
    Subzero.floe_floe_ridge! :: Union{Tuple{FT}, Tuple{StructArrays.StructArray{<:Floe{FT}}, Vararg{Any, 10}}} where FT
    Subzero.grid_yg_index :: Tuple{Any, Any, RegRectilinearGrid}
    Subzero.PolyVec
    Subzero.conserve_momentum_change_floe_shape! :: Union{NTuple{6, Any}, NTuple{7, Any}}
    Subzero.check_for_edge_mid :: Union{Tuple{FT}, Tuple{Any, Any, Any, Any, Any, FT}} where FT
    Subzero.valid_ringvec! :: Tuple{Any}
    Subzero.check_energy_momentum_conservation_julia :: Union{Tuple{Any}, Tuple{Any, Any}, Tuple{Any, Any, Any}}
    Subzero.floe_domain_element_interaction! :: Union{Tuple{FT}, Tuple{Union{Floe{FT}, StructArrays.LazyRow{Floe{FT}}}, OpenBoundary, Vararg{Any, 4}}} where FT
    Subzero.floe_domain_element_interaction! :: Union{Tuple{FT}, Tuple{Any, Union{CollisionBoundary, MovingBoundary, TopographyElement}, Any, Any, Any, FT}} where FT
    Subzero.floe_domain_element_interaction! :: Tuple{Any, PeriodicBoundary, Vararg{Any, 4}}
    Subzero.calc_linear_momentum :: Tuple{Any, Any, Any}
    Subzero.plot_conservation :: NTuple{7, Any}
    Subzero.prettytime :: Tuple{Any}
    Subzero.update_boundaries! :: Tuple{Any, Any}
    Subzero.DecayAreaScaledCalculator :: Union{Tuple{FT}, Tuple{Type{FT}, Vararg{Any}}} where FT<:AbstractFloat
    Subzero.DecayAreaScaledCalculator
    Subzero.DecayAreaScaledCalculator :: Tuple
    Subzero.check_energy_momentum_conservation_matlab :: Union{Tuple{Any}, Tuple{Any, Any}, Tuple{Any, Any, Any}}
    Subzero.update_ghost_timestep_vals! :: Tuple{Any, Any, Any}
    Subzero.floe_floe_interaction! :: Union{Tuple{FT}, Tuple{Any, Any, Any, Any, Any, Any, FT}} where FT<:AbstractFloat
    Subzero.potential_interaction :: NTuple{4, Any}
    Subzero.timestep_ridging_rafting! :: Union{Tuple{FT}, Tuple{Any, Any, Any, Any, RidgeRaftSettings{FT}, Any, Any, Any}, Tuple{Any, Any, Any, Any, RidgeRaftSettings{FT}, Vararg{Any, 4}}} where FT<:AbstractFloat
    Subzero.calc_torque! :: Union{Tuple{Union{Floe{FT}, StructArrays.LazyRow{<:Floe{FT}}}}, Tuple{FT}} where FT<:AbstractFloat
    Subzero.center_cell_coords :: Union{Tuple{FT}, Tuple{Type{FT}, Int64, Int64, RegRectilinearGrid, Any, Any}} where FT
    Subzero.grid_yc_index :: Tuple{Any, Any, RegRectilinearGrid}
    Subzero._get_velocity :: Union{Tuple{FT}, Tuple{Union{Floe{FT}, StructArrays.LazyRow{Floe{FT}}}, FT, FT}} where FT
    Subzero.calc_kinetic_energy :: NTuple{5, Any}
    Subzero.conserve_momentum_transfer_mass! :: Union{NTuple{6, Any}, NTuple{7, Any}, NTuple{8, Any}}
    Subzero.calc_stress! :: Union{Tuple{FT}, Tuple{Union{Floe{FT}, StructArrays.LazyRow{Floe{FT}}}, Any, Any}} where FT
    Subzero.calc_two_way_coupling! :: Union{Tuple{FT}, Tuple{StructArrays.StructArray{Floe{FT}}, RegRectilinearGrid, Vararg{Any, 6}}} where FT
    Subzero.fracture_floes! :: Union{Tuple{FT}, Tuple{StructArrays.StructArray{<:Floe{FT}}, Vararg{Any, 5}}} where FT<:AbstractFloat
    Subzero.replace_floe! :: Union{Tuple{FT}, Tuple{Union{Floe{FT}, StructArrays.LazyRow{Floe{FT}}}, Vararg{Any, 4}}} where FT
    Subzero.timestep_collisions! :: Union{Tuple{FT}, Tuple{StructArrays.StructArray{<:Floe{FT}}, Vararg{Any, 6}}} where FT<:AbstractFloat
    Subzero.add_floe_ghosts! :: Union{Tuple{FLT}, Tuple{FT}, Tuple{FLT, Any, Any}} where {FT<:AbstractFloat, FLT<:(StructArrays.StructArray{<:Floe{FT}})}
    Subzero.in_bounds :: Tuple{Any, Any, Any, Union{CollisionBoundary, MovingBoundary, OpenBoundary}, Union{CollisionBoundary, MovingBoundary, OpenBoundary}}
    Subzero.in_bounds :: Tuple{Any, Any, Any, Union{CollisionBoundary, MovingBoundary, OpenBoundary}, PeriodicBoundary}
    Subzero.in_bounds :: Tuple{Any, Any, Any, PeriodicBoundary, Union{CollisionBoundary, MovingBoundary, OpenBoundary}}
    Subzero.in_bounds :: Tuple{Any, Any, Any, PeriodicBoundary, PeriodicBoundary}
    Subzero.calc_normal_force :: Union{Tuple{FT}, Tuple{Any, Any, Any, Any, Any, FT}} where FT<:AbstractFloat
    Subzero.deepcopy_floe :: Union{Tuple{StructArrays.LazyRow{Floe{FT}}}, Tuple{FT}} where FT
    Subzero.calc_strain! :: Union{Tuple{Union{Floe{FT}, StructArrays.LazyRow{Floe{FT}}}}, Tuple{FT}} where FT
    Subzero.floe_to_grid_info! :: Union{Tuple{FT}, Tuple{Any, Any, Any, FT, FT, Vararg{Any, 5}}} where FT
    Subzero.SubGridPointsGenerator :: Union{Tuple{}, Tuple{Type{FT}}, Tuple{FT}} where FT<:AbstractFloat
    Subzero.compare_grid_data :: Tuple{Any, Any}
    Subzero.calc_ocean_forcing! :: NTuple{9, Any}
    Subzero.valid_polyvec! :: Tuple{Any}
    Subzero.floe_domain_interaction! :: Union{Tuple{FT}, Tuple{Any, Domain, Any, Any, FT}} where FT<:AbstractFloat
    Subzero.find_grid_cell_index :: Tuple{Any, Any, RegRectilinearGrid}
    Subzero.add_point! :: Tuple{Subzero.CellFloes, Subzero.CellStresses, Vararg{Any, 5}}
    Subzero.add_point! :: Tuple{Subzero.CellFloes, Any, Any, Any}
    Subzero.fuse_two_floes! :: Union{Tuple{FT}, Tuple{Union{Floe{FT}, StructArrays.LazyRow{Floe{FT}}}, Vararg{Any, 5}}} where FT
    Subzero.grid_cell_index :: Tuple{Any, Any, Any}
    Subzero.bin_floe_centroids :: NTuple{5, Any}
    Subzero.floe_domain_raft! :: Tuple{Any, Any, Union{StructArrays.LazyRow{<:AbstractDomainElement}, AbstractDomainElement}, Vararg{Any, 8}}
    Subzero.find_poly_coords :: Tuple{Any}
    Subzero.calc_angular_momentum :: NTuple{7, Any}
    Subzero.calc_subfloe_values! :: Union{Tuple{FT}, Tuple{Union{Floe{FT}, StructArrays.LazyRow{Floe{FT}}}, Vararg{Any, 4}}} where FT<:AbstractFloat
    Subzero.which_vertices_match_points :: Union{Tuple{FT}, Tuple{Any, GeoInterface.Wrappers.Polygon{false, false, Array{GeoInterface.Wrappers.LinearRing{false, false, Array{Tuple{FT, FT}, 1}, Nothing, Nothing}, 1}, Nothing, Nothing}}, Tuple{Any, GeoInterface.Wrappers.Polygon{false, false, Array{GeoInterface.Wrappers.LinearRing{false, false, Array{Tuple{FT, FT}, 1}, Nothing, Nothing}, 1}, Nothing, Nothing}, Any}} where FT
    Subzero.AbstractSubFloePointsGenerator
    Subzero.grid_xg_index :: Tuple{Any, Any, RegRectilinearGrid}
    Subzero.euclidian_dist :: Tuple{Any, Any, Any}
    Subzero.calc_one_way_coupling! :: Union{Tuple{FT}, Tuple{StructArrays.StructArray{Floe{FT}}, Vararg{Any, 6}}} where FT
    Subzero.timestep_coupling! :: NTuple{5, Any}
    Subzero.calc_atmosphere_forcing :: NTuple{7, Any}
    Subzero.dissolve_floe! :: Tuple{Any, RegRectilinearGrid, Any, Any}
    Subzero.find_center_cell_index :: Tuple{Any, Any, RegRectilinearGrid}
    Subzero.compare_floe_data :: Tuple{Any, Any}
    Subzero.MonteCarloPointsGenerator :: Union{Tuple{}, Tuple{Type{FT}}, Tuple{FT}} where FT<:AbstractFloat
    Subzero.grid_line_index :: Tuple{Any, Any, Any}
    Subzero.add_floe_volume! :: NTuple{4, Any}
    Subzero.timestep_floe_properties! :: Union{Tuple{FT}, Tuple{StructArrays.StructArray{<:Floe{FT}}, Any, Any, Any}} where FT
    Subzero.compare_oa_checkpointer_data :: Tuple{Any, Any}
    Subzero.add_ghosts! :: Union{Tuple{FT}, Tuple{Any, Domain{FT, <:Union{CollisionBoundary, MovingBoundary, OpenBoundary}, <:Union{CollisionBoundary, MovingBoundary, OpenBoundary}, <:Union{CollisionBoundary, MovingBoundary, OpenBoundary}, <:Union{CollisionBoundary, MovingBoundary, OpenBoundary}}}} where FT<:AbstractFloat
    Subzero.add_ghosts! :: Union{Tuple{FT}, Tuple{Any, Domain{FT, <:PeriodicBoundary, <:PeriodicBoundary, <:Union{CollisionBoundary, MovingBoundary, OpenBoundary}, <:Union{CollisionBoundary, MovingBoundary, OpenBoundary}}}} where FT<:AbstractFloat
    Subzero.add_ghosts! :: Union{Tuple{FT}, Tuple{Any, Domain{FT, <:Union{CollisionBoundary, MovingBoundary, OpenBoundary}, <:Union{CollisionBoundary, MovingBoundary, OpenBoundary}, <:PeriodicBoundary, <:PeriodicBoundary}}} where FT<:AbstractFloat
    Subzero.add_ghosts! :: Union{Tuple{FT}, Tuple{Any, Domain{FT, <:PeriodicBoundary, <:PeriodicBoundary, <:PeriodicBoundary, <:PeriodicBoundary}}} where FT<:AbstractFloat
    Subzero.determine_fractures :: Tuple{Any, AbstractFractureCriteria, Any}
    Subzero.translate! :: Union{Tuple{FT}, Tuple{Array{Array{Vector{FT}, 1}, 1}, Any, Any}} where FT<:AbstractFloat
    Subzero.rotate_radians! :: Tuple{Array{Array{Vector{T}, 1}, 1} where T<:Real, Any}
    Subzero.floe_domain_ridge! :: Union{Tuple{FT}, Tuple{StructArrays.StructArray{<:Floe{FT}}, Any, Union{StructArrays.LazyRow{<:AbstractDomainElement}, AbstractDomainElement}, Vararg{Any, 8}}} where FT
    Subzero.timestep_welding! :: Union{Tuple{FT}, Tuple{Any, Any, Any, Any, WeldSettings{FT}, Any, Any, Any}, Tuple{Any, Any, Any, Any, WeldSettings{FT}, Vararg{Any, 4}}} where FT<:AbstractFloat
    Subzero.deform_floe! :: Union{Tuple{FT}, Tuple{Any, GeoInterface.Wrappers.Polygon{false, false, Array{GeoInterface.Wrappers.LinearRing{false, false, Array{Tuple{FT, FT}, 1}, Nothing, Nothing}, 1}, Nothing, Nothing}, Vararg{Any, 4}}} where FT
    Subzero.grid_xc_index :: Tuple{Any, Any, RegRectilinearGrid}
    Subzero.simplify_floes! :: NTuple{7, Any}
    Subzero.mc_interpolation :: NTuple{7, Any}
    Subzero.AbstractStressCalculator
    Subzero.remove_floe_overlap! :: Union{Tuple{FT}, Tuple{StructArrays.StructArray{<:Floe{FT}}, Vararg{Any, 10}}} where FT<:AbstractFloat
    Subzero.find_shared_edges_midpoint :: Union{Tuple{FT}, Tuple{Array{Array{Vector{FT}, 1}, 1}, Any}} where FT
    Subzero.RingVec
    Subzero.find_ghosts! :: Union{Tuple{FT}, Tuple{Any, Any, PeriodicBoundary{East, FT}, PeriodicBoundary{West, FT}}} where FT<:AbstractFloat
    Subzero.find_ghosts! :: Union{Tuple{FT}, Tuple{Any, Any, PeriodicBoundary{North, FT}, PeriodicBoundary{South, FT}}} where FT<:AbstractFloat
    Subzero.calc_elastic_forces :: Union{Tuple{FT}, Tuple{Any, Any, Any, Any, FT}} where FT<:AbstractFloat
    Subzero.shift_cell_idx :: Tuple{Any, Any, Union{CollisionBoundary, MovingBoundary, OpenBoundary}}
    Subzero.shift_cell_idx :: Tuple{Any, Any, PeriodicBoundary}
    Subzero.split_floe :: Union{Tuple{FT}, Tuple{Union{Floe{FT}, StructArrays.LazyRow{Floe{FT}}}, Vararg{Any, 4}}} where FT
    Subzero.update_new_rotation_conserve! :: NTuple{9, Any}
    Subzero.DamageStressCalculator :: Union{Tuple{FT}, Tuple{Type{FT}, Vararg{Any}}} where FT<:AbstractFloat
    Subzero.DamageStressCalculator
    Subzero.DamageStressCalculator :: Tuple
    Subzero.conserve_momentum_fracture_floe! :: Union{Tuple{FT}, Tuple{Any, StructArrays.StructArray{<:Floe{FT}}, Any}} where FT
    Subzero.fuse_floes! :: NTuple{5, Any}
    Subzero.find_interp_knots :: Tuple{Any, Any, Any, Any, Int64, Union{CollisionBoundary, MovingBoundary, OpenBoundary}}
    Subzero.find_interp_knots :: Tuple{Any, Any, Any, Any, Int64, PeriodicBoundary}
    Subzero.ghosts_on_bounds! :: Union{Tuple{FLT}, Tuple{FT}, Tuple{FLT, Any, Any, Any}} where {FT<:AbstractFloat, FLT<:(StructArrays.StructArray{<:Floe{FT}})}
    Subzero.AbstractDomainElement
    Subzero.intersect_polys :: Union{Tuple{FT}, Tuple{Any, Any}, Tuple{Any, Any, Type{FT}}} where FT

These are docstrings in the checked modules (configured with the modules keyword)
that are not included in canonical @docs or @autodocs blocks.
 [2025/09/07 20:25:29.893] --> /home/runner/.julia/packages/Documenter/eoWm2/src/utilities/utilities.jl:49
DEBUG checking footnote links. [2025/09/07 20:25:29.893] --> /home/runner/.julia/packages/Documenter/eoWm2/src/docchecks.jl:123
INFO  Populate: populating indices. [2025/09/07 20:25:29.893] --> /home/runner/.julia/packages/Documenter/eoWm2/src/builder_pipeline.jl:247
INFO  RenderDocument: rendering document. [2025/09/07 20:25:29.893] --> /home/runner/.julia/packages/Documenter/eoWm2/src/builder_pipeline.jl:265
INFO  HTMLWriter: rendering HTML pages. [2025/09/07 20:25:30.644] --> /home/runner/.julia/packages/Documenter/eoWm2/src/html/HTMLWriter.jl:766
DEBUG Rendering examples/moving_bounds.md [6] [2025/09/07 20:25:30.767] --> /home/runner/.julia/packages/Documenter/eoWm2/src/html/HTMLWriter.jl:818
DEBUG edit_url [2025/09/07 20:25:31.398] --> /home/runner/.julia/packages/Documenter/eoWm2/src/documents.jl:905
DEBUG Rendering api.md [8] [2025/09/07 20:25:33.196] --> /home/runner/.julia/packages/Documenter/eoWm2/src/html/HTMLWriter.jl:818
DEBUG edit_url [2025/09/07 20:25:33.197] --> /home/runner/.julia/packages/Documenter/eoWm2/src/documents.jl:905
DEBUG source_url [2025/09/07 20:25:33.812] --> /home/runner/.julia/packages/Documenter/eoWm2/src/documents.jl:933
DEBUG source_url [2025/09/07 20:25:33.839] --> /home/runner/.julia/packages/Documenter/eoWm2/src/documents.jl:933
DEBUG source_url [2025/09/07 20:25:33.839] --> /home/runner/.julia/packages/Documenter/eoWm2/src/documents.jl:933
DEBUG source_url [2025/09/07 20:25:33.839] --> /home/runner/.julia/packages/Documenter/eoWm2/src/documents.jl:933
DEBUG source_url [2025/09/07 20:25:33.839] --> /home/runner/.julia/packages/Documenter/eoWm2/src/documents.jl:933
DEBUG source_url [2025/09/07 20:25:33.840] --> /home/runner/.julia/packages/Documenter/eoWm2/src/documents.jl:933
DEBUG source_url [2025/09/07 20:25:33.840] --> /home/runner/.julia/packages/Documenter/eoWm2/src/documents.jl:933
DEBUG source_url [2025/09/07 20:25:33.840] --> /home/runner/.julia/packages/Documenter/eoWm2/src/documents.jl:933
DEBUG source_url [2025/09/07 20:25:33.886] --> /home/runner/.julia/packages/Documenter/eoWm2/src/documents.jl:933
DEBUG source_url [2025/09/07 20:25:33.887] --> /home/runner/.julia/packages/Documenter/eoWm2/src/documents.jl:933
DEBUG source_url [2025/09/07 20:25:33.888] --> /home/runner/.julia/packages/Documenter/eoWm2/src/documents.jl:933
DEBUG source_url [2025/09/07 20:25:33.888] --> /home/runner/.julia/packages/Documenter/eoWm2/src/documents.jl:933
DEBUG source_url [2025/09/07 20:25:33.888] --> /home/runner/.julia/packages/Documenter/eoWm2/src/documents.jl:933
DEBUG source_url [2025/09/07 20:25:33.891] --> /home/runner/.julia/packages/Documenter/eoWm2/src/documents.jl:933
DEBUG source_url [2025/09/07 20:25:33.924] --> /home/runner/.julia/packages/Documenter/eoWm2/src/documents.jl:933
DEBUG source_url [2025/09/07 20:25:33.925] --> /home/runner/.julia/packages/Documenter/eoWm2/src/documents.jl:933
DEBUG source_url [2025/09/07 20:25:33.925] --> /home/runner/.julia/packages/Documenter/eoWm2/src/documents.jl:933
DEBUG source_url [2025/09/07 20:25:34.164] --> /home/runner/.julia/packages/Documenter/eoWm2/src/documents.jl:933
DEBUG source_url [2025/09/07 20:25:34.165] --> /home/runner/.julia/packages/Documenter/eoWm2/src/documents.jl:933
DEBUG source_url [2025/09/07 20:25:34.165] --> /home/runner/.julia/packages/Documenter/eoWm2/src/documents.jl:933
DEBUG source_url [2025/09/07 20:25:34.165] --> /home/runner/.julia/packages/Documenter/eoWm2/src/documents.jl:933
DEBUG source_url [2025/09/07 20:25:34.166] --> /home/runner/.julia/packages/Documenter/eoWm2/src/documents.jl:933
DEBUG source_url [2025/09/07 20:25:34.166] --> /home/runner/.julia/packages/Documenter/eoWm2/src/documents.jl:933
DEBUG source_url [2025/09/07 20:25:34.166] --> /home/runner/.julia/packages/Documenter/eoWm2/src/documents.jl:933
DEBUG source_url [2025/09/07 20:25:34.167] --> /home/runner/.julia/packages/Documenter/eoWm2/src/documents.jl:933
DEBUG source_url [2025/09/07 20:25:34.167] --> /home/runner/.julia/packages/Documenter/eoWm2/src/documents.jl:933
DEBUG source_url [2025/09/07 20:25:34.167] --> /home/runner/.julia/packages/Documenter/eoWm2/src/documents.jl:933
DEBUG source_url [2025/09/07 20:25:34.168] --> /home/runner/.julia/packages/Documenter/eoWm2/src/documents.jl:933
DEBUG source_url [2025/09/07 20:25:34.168] --> /home/runner/.julia/packages/Documenter/eoWm2/src/documents.jl:933
DEBUG source_url [2025/09/07 20:25:34.168] --> /home/runner/.julia/packages/Documenter/eoWm2/src/documents.jl:933
DEBUG source_url [2025/09/07 20:25:34.168] --> /home/runner/.julia/packages/Documenter/eoWm2/src/documents.jl:933
DEBUG source_url [2025/09/07 20:25:34.186] --> /home/runner/.julia/packages/Documenter/eoWm2/src/documents.jl:933
DEBUG source_url [2025/09/07 20:25:34.186] --> /home/runner/.julia/packages/Documenter/eoWm2/src/documents.jl:933
DEBUG source_url [2025/09/07 20:25:34.186] --> /home/runner/.julia/packages/Documenter/eoWm2/src/documents.jl:933
DEBUG source_url [2025/09/07 20:25:34.186] --> /home/runner/.julia/packages/Documenter/eoWm2/src/documents.jl:933
DEBUG source_url [2025/09/07 20:25:34.187] --> /home/runner/.julia/packages/Documenter/eoWm2/src/documents.jl:933
DEBUG source_url [2025/09/07 20:25:34.187] --> /home/runner/.julia/packages/Documenter/eoWm2/src/documents.jl:933
DEBUG source_url [2025/09/07 20:25:34.187] --> /home/runner/.julia/packages/Documenter/eoWm2/src/documents.jl:933
DEBUG source_url [2025/09/07 20:25:34.187] --> /home/runner/.julia/packages/Documenter/eoWm2/src/documents.jl:933
DEBUG source_url [2025/09/07 20:25:34.187] --> /home/runner/.julia/packages/Documenter/eoWm2/src/documents.jl:933
DEBUG source_url [2025/09/07 20:25:34.188] --> /home/runner/.julia/packages/Documenter/eoWm2/src/documents.jl:933
DEBUG source_url [2025/09/07 20:25:34.188] --> /home/runner/.julia/packages/Documenter/eoWm2/src/documents.jl:933
DEBUG source_url [2025/09/07 20:25:34.188] --> /home/runner/.julia/packages/Documenter/eoWm2/src/documents.jl:933
DEBUG source_url [2025/09/07 20:25:34.188] --> /home/runner/.julia/packages/Documenter/eoWm2/src/documents.jl:933
DEBUG source_url [2025/09/07 20:25:34.188] --> /home/runner/.julia/packages/Documenter/eoWm2/src/documents.jl:933
DEBUG source_url [2025/09/07 20:25:34.189] --> /home/runner/.julia/packages/Documenter/eoWm2/src/documents.jl:933
DEBUG source_url [2025/09/07 20:25:34.203] --> /home/runner/.julia/packages/Documenter/eoWm2/src/documents.jl:933
DEBUG source_url [2025/09/07 20:25:34.203] --> /home/runner/.julia/packages/Documenter/eoWm2/src/documents.jl:933
DEBUG source_url [2025/09/07 20:25:34.203] --> /home/runner/.julia/packages/Documenter/eoWm2/src/documents.jl:933
DEBUG source_url [2025/09/07 20:25:34.204] --> /home/runner/.julia/packages/Documenter/eoWm2/src/documents.jl:933
