WARN  failed to run `@example` block in docs/src/examples/simple_strait.md:150-152
```@example simple_strait
run!(simulation)
```
 [2025/07/07 03:32:23.367] --> /home/runner/.julia/packages/Documenter/uNI6f/src/utilities/utilities.jl:49
DEBUG Evaluating @example block:
plot_sim(joinpath(dir, floe_fn), joinpath(dir, init_fn), Δt, joinpath(dir, "simple_strait.mp4")) [2025/07/07 03:32:23.367] --> /home/runner/.julia/packages/Documenter/uNI6f/src/expander_pipeline.jl:837
DEBUG Running ExpanderPipeline on index.md [2025/07/07 03:32:27.134] --> /home/runner/.julia/packages/Documenter/uNI6f/src/expander_pipeline.jl:54
DEBUG Evaluating @docs block:
Subzero [2025/07/07 03:32:27.134] --> /home/runner/.julia/packages/Documenter/uNI6f/src/expander_pipeline.jl:420
DEBUG Running ExpanderPipeline on tutorial.md [2025/07/07 03:32:27.143] --> /home/runner/.julia/packages/Documenter/uNI6f/src/expander_pipeline.jl:54
DEBUG Evaluating @meta block:
EditURL = "../literate/tutorial.jl" [2025/07/07 03:32:27.143] --> /home/runner/.julia/packages/Documenter/uNI6f/src/expander_pipeline.jl:337
DEBUG Evaluating @example block:
using Subzero  # bring Subzero into scope
using CairoMakie, GeoInterfaceMakie # bring plotting packages into scope
import GeoInterface as GI [2025/07/07 03:32:27.145] --> /home/runner/.julia/packages/Documenter/uNI6f/src/expander_pipeline.jl:837
DEBUG Evaluating @example block:
grid = RegRectilinearGrid(; x0 = -1e5, xf = 1e5, y0 = 0.0, yf = 1e5, Nx = 20, Ny = 10) [2025/07/07 03:32:27.146] --> /home/runner/.julia/packages/Documenter/uNI6f/src/expander_pipeline.jl:837
DEBUG Evaluating @example block:
fig = Figure();
ax1 = Axis(fig[1, 1];  # set up axis tick marks to match grid cells
    title = "Grid Setup",
    xticks = range(grid.x0, grid.xf, 5), xminorticks = IntervalsBetween(5),
    xminorticksvisible = true, xminorgridvisible = true, xticklabelrotation = pi/4,
    yticks = range(grid.y0, grid.yf, 3), yminorticks = IntervalsBetween(5),
    yminorticksvisible = true, yminorgridvisible = true,
)
lines!(  # plot boundary of grid with a dashed line
    [grid.x0, grid.x0, grid.xf, grid.xf, grid.x0],  # point x-values
    [grid.y0, grid.yf, grid.yf, grid.y0, grid.y0];  # point y-values
    linestyle = :dash, linewidth = 3.0) [2025/07/07 03:32:27.147] --> /home/runner/.julia/packages/Documenter/uNI6f/src/expander_pipeline.jl:837
DEBUG Evaluating @example block:
colsize!(fig.layout, 1, Aspect(1, 2))
resize_to_layout!(fig)
fig  # display the figure [2025/07/07 03:32:27.380] --> /home/runner/.julia/packages/Documenter/uNI6f/src/expander_pipeline.jl:837
DEBUG Evaluating @example block:
north_bound = CollisionBoundary(North; grid)
south_bound = CollisionBoundary(South; grid)
east_bound = PeriodicBoundary(East; grid)
west_bound = PeriodicBoundary(West; grid) [2025/07/07 03:32:27.742] --> /home/runner/.julia/packages/Documenter/uNI6f/src/expander_pipeline.jl:837
DEBUG Evaluating @example block:
poly!(   # plot each of the boundaries with a 50% transparent color so we can see the overlap
    [north_bound.poly, south_bound.poly, east_bound.poly, west_bound.poly];
    color = [(:purple, 0.5), (:purple, 0.5), (:teal, 0.5), (:teal, 0.5)],
)
ax1.title = "Grid and Boundary Setup"
fig  # display the figure [2025/07/07 03:32:27.806] --> /home/runner/.julia/packages/Documenter/uNI6f/src/expander_pipeline.jl:837
DEBUG Evaluating @example block:
island1 = GI.Polygon([[(-6e4, 7.5e4), (-4e4, 5e4), (-2.5e4, 7e4), (-6e4, 7.5e4)]])
island2 = GI.Polygon([[(5e4, 2.5e4), (5e4, 5.5e4), (7.5e4, 3e4), (5e4, 2.5e4)]])
topo_list = [island1, island2] [2025/07/07 03:32:29.665] --> /home/runner/.julia/packages/Documenter/uNI6f/src/expander_pipeline.jl:837
DEBUG Evaluating @example block:
topo_field = initialize_topography_field(; polys = topo_list) [2025/07/07 03:32:29.892] --> /home/runner/.julia/packages/Documenter/uNI6f/src/expander_pipeline.jl:837
DEBUG Evaluating @example block:
topo_color = RGBf(115/255, 93/255, 55/255)  # brown color for topography
poly!(topo_field.poly; color = topo_color) # plot the topography
ax1.title = "Grid and Domain Setup"
fig  # display the figure [2025/07/07 03:32:30.007] --> /home/runner/.julia/packages/Documenter/uNI6f/src/expander_pipeline.jl:837
DEBUG Evaluating @example block:
domain = Domain(; north = north_bound, south = south_bound, east = east_bound, west = west_bound, topography = topo_field) [2025/07/07 03:32:30.173] --> /home/runner/.julia/packages/Documenter/uNI6f/src/expander_pipeline.jl:837
DEBUG Evaluating @example block:
function shear_flow_velocities(Nx, Ny, min_u, max_u)
    u_vals = fill(min_u, Nx, Ny)  # fill in field with min value
    increasing = true  # velocity values start by going up
    Δu = (max_u - min_u) / fld(Ny, 2)  # must reach max_u in the middle of the field
    curr_u = min_u + Δu  # first column already set to min_u
    for (i, col) in enumerate(eachcol(u_vals))
        (i == 1 || i == Ny) && continue  # edges already set to 0m/s
        col .= curr_u
        if increasing && curr_u == max_u  # reach max value and start decreasing velocity
            increasing = false
        end
        if increasing  # update velocity for next column
            curr_u += Δu
        else
            curr_u -= Δu
        end
    end
    return u_vals
end

u_vals = shear_flow_velocities(grid.Nx + 1, grid.Ny + 1, 0.0, 0.25)
ocean = Ocean(; u = u_vals, v = 0.0, temp = -1.0, grid) [2025/07/07 03:32:30.247] --> /home/runner/.julia/packages/Documenter/uNI6f/src/expander_pipeline.jl:837
DEBUG Evaluating @example block:
ax2 = Axis(fig[2, 1]; title = "Ocean U-Velocities [m/s]", xticklabelrotation = pi/4)
xs = grid.x0:grid.Δx:grid.xf
ys = grid.y0:grid.Δy:grid.yf
u_hm = heatmap!(ax2, xs, ys, ocean.u)
Colorbar(fig[2, end+1], u_hm)
resize_to_layout!(fig)
fig [2025/07/07 03:32:30.423] --> /home/runner/.julia/packages/Documenter/uNI6f/src/expander_pipeline.jl:837
DEBUG Evaluating @example block:
atmos = Atmos(; grid, u = 5.0, v = 0.0, temp = 0.0) [2025/07/07 03:32:30.561] --> /home/runner/.julia/packages/Documenter/uNI6f/src/expander_pipeline.jl:837
INFO  CrossReferences: building cross-references. [2025/07/07 03:32:31.000] --> /home/runner/.julia/packages/Documenter/uNI6f/src/builder_pipeline.jl:230
WARN  invalid local link/image: file does not exist in docs/src/api.md [2025/07/07 03:32:31.646] --> /home/runner/.julia/packages/Documenter/uNI6f/src/utilities/utilities.jl:49
WARN  invalid local link/image: file does not exist in docs/src/api.md [2025/07/07 03:32:31.648] --> /home/runner/.julia/packages/Documenter/uNI6f/src/utilities/utilities.jl:49
WARN  Cannot resolve @ref for md"[`AbstractDomainElement`](@ref)" in docs/src/api.md.
- No docstring found in doc for binding `Subzero.AbstractDomainElement`.
- No docstring found in doc for binding `Subzero.AbstractDomainElement`. [2025/07/07 03:32:31.826] --> /home/runner/.julia/packages/Documenter/uNI6f/src/utilities/utilities.jl:49
WARN  Cannot resolve @ref for md"[`AbstractDomainElement`](@ref)" in docs/src/api.md.
- No docstring found in doc for binding `Subzero.AbstractDomainElement`.
- No docstring found in doc for binding `Subzero.AbstractDomainElement`. [2025/07/07 03:32:31.830] --> /home/runner/.julia/packages/Documenter/uNI6f/src/utilities/utilities.jl:49
WARN  Cannot resolve @ref for md"[`Floe`](@ref)" in docs/src/api.md.
- No docstring found in doc for binding `Subzero.Floe`.
- No docstring found in doc for binding `Subzero.Floe`. [2025/07/07 03:32:31.830] --> /home/runner/.julia/packages/Documenter/uNI6f/src/utilities/utilities.jl:49
WARN  Cannot resolve @ref for md"[`Floe`](@ref)" in docs/src/api.md.
- No docstring found in doc for binding `Subzero.Floe`.
- No docstring found in doc for binding `Subzero.Floe`. [2025/07/07 03:32:31.832] --> /home/runner/.julia/packages/Documenter/uNI6f/src/utilities/utilities.jl:49
WARN  Cannot resolve @ref for md"[`AbstractSubFloePointsGenerator`](@ref)" in docs/src/api.md.
- No docstring found in doc for binding `Subzero.AbstractSubFloePointsGenerator`.
- No docstring found in doc for binding `Main.AbstractSubFloePointsGenerator`. [2025/07/07 03:32:31.833] --> /home/runner/.julia/packages/Documenter/uNI6f/src/utilities/utilities.jl:49
WARN  invalid local link/image: file does not exist in docs/src/index.md [2025/07/07 03:32:31.841] --> /home/runner/.julia/packages/Documenter/uNI6f/src/utilities/utilities.jl:49
WARN  invalid local link/image: file does not exist in docs/src/tutorial.md [2025/07/07 03:32:31.842] --> /home/runner/.julia/packages/Documenter/uNI6f/src/utilities/utilities.jl:49
INFO  CheckDocument: running document checks. [2025/07/07 03:32:33.886] --> /home/runner/.julia/packages/Documenter/uNI6f/src/builder_pipeline.jl:237
DEBUG checking for missing docstrings. [2025/07/07 03:32:33.886] --> /home/runner/.julia/packages/Documenter/uNI6f/src/docchecks.jl:42
WARN  203 docstrings not included in the manual:

    Subzero.calc_ocean_forcing! :: NTuple{9, Any}
    Subzero.conserve_momentum_transfer_mass! :: Union{NTuple{6, Any}, NTuple{7, Any}, NTuple{8, Any}}
    Subzero.floe_domain_raft! :: Tuple{Any, Any, Union{StructArrays.LazyRow{<:AbstractDomainElement}, AbstractDomainElement}, Vararg{Any, 8}}
    Subzero.remove_floe_overlap! :: Union{Tuple{FT}, Tuple{StructArrays.StructArray{<:Floe{FT}}, Vararg{Any, 10}}} where FT<:AbstractFloat
    Subzero.grid_yg_index :: Tuple{Any, Any, RegRectilinearGrid}
    Subzero.potential_interaction :: NTuple{4, Any}
    Subzero.write_checkpoint_data! :: Tuple{Any, Any}
    Subzero.floe_domain_interaction! :: Union{Tuple{FT}, Tuple{Any, Domain, Any, Any, FT}} where FT<:AbstractFloat
    Subzero.mc_interpolation :: NTuple{7, Any}
    Subzero.MohrsCone :: Union{Tuple{FT}, Tuple{Type{FT}, Vararg{Any}}} where FT<:AbstractFloat
    Subzero.MohrsCone :: Union{Tuple, Tuple{FT}} where FT
    Subzero.MohrsCone
    Subzero.MohrsCone :: Tuple
    Subzero.conserve_momentum_change_floe_shape! :: Union{NTuple{6, Any}, NTuple{7, Any}}
    Subzero.AbstractFractureCriteria
    Subzero.in_bounds :: Tuple{Any, Any, Any, Union{CollisionBoundary, MovingBoundary, OpenBoundary}, Union{CollisionBoundary, MovingBoundary, OpenBoundary}}
    Subzero.in_bounds :: Tuple{Any, Any, Any, Union{CollisionBoundary, MovingBoundary, OpenBoundary}, PeriodicBoundary}
    Subzero.in_bounds :: Tuple{Any, Any, Any, PeriodicBoundary, Union{CollisionBoundary, MovingBoundary, OpenBoundary}}
    Subzero.in_bounds :: Tuple{Any, Any, Any, PeriodicBoundary, PeriodicBoundary}
    Subzero.SimplificationSettings :: Union{Tuple{Type{FT}}, Tuple{FT}} where FT<:AbstractFloat
    Subzero.SimplificationSettings
    Subzero.calc_linear_momentum :: Tuple{Any, Any, Any}
    Subzero.MonteCarloPointsGenerator :: Union{Tuple{FT}, Tuple{Type{FT}, Vararg{Any}}} where FT<:AbstractFloat
    Subzero.MonteCarloPointsGenerator
    Subzero.MonteCarloPointsGenerator :: Tuple
    Subzero.calc_strain! :: Union{Tuple{Union{Floe{FT}, StructArrays.LazyRow{Floe{FT}}}}, Tuple{FT}} where FT
    Subzero.find_grid_cell_index :: Tuple{Any, Any, RegRectilinearGrid}
    Subzero.timestep_sim! :: Union{Tuple{Any, Any}, Tuple{Any, Any, Any}}
    Subzero.generate_subfloe_points :: Union{Tuple{FT}, Tuple{MonteCarloPointsGenerator{FT}, Vararg{Any, 5}}} where FT<:AbstractFloat
    Subzero.generate_subfloe_points :: Union{Tuple{FT}, Tuple{SubGridPointsGenerator{FT}, Vararg{Any, 5}}} where FT<:AbstractFloat
    Subzero.CouplingSettings
    Subzero.remove_floes! :: NTuple{5, Any}
    Subzero.euclidian_dist :: Tuple{Any, Any, Any}
    Subzero.update_criteria! :: Union{Tuple{FT}, Tuple{HiblerYieldCurve{FT}, Any}} where FT
    Subzero.update_criteria! :: Tuple{MohrsCone, Any}
    Subzero.timestep_ridging_rafting! :: Union{Tuple{FT}, Tuple{Any, Any, Any, Any, RidgeRaftSettings{FT}, Any, Any, Any}, Tuple{Any, Any, Any, Any, RidgeRaftSettings{FT}, Vararg{Any, 4}}} where FT<:AbstractFloat
    Subzero.update_new_rotation_conserve! :: NTuple{9, Any}
    Subzero.compare_oa_checkpointer_data :: Tuple{Any, Any}
    Subzero.grid_xg_index :: Tuple{Any, Any, RegRectilinearGrid}
    Subzero.FloeSettings :: Union{Tuple{Type{FT}}, Tuple{CT}, Tuple{GT}, Tuple{FT}} where {FT<:AbstractFloat, GT<:Subzero.AbstractSubFloePointsGenerator, CT<:AbstractStressCalculator}
    Subzero.FloeSettings
    Logging.handle_message :: Tuple{Subzero.SubzeroLogger, Vararg{Any, 7}}
    Subzero.initialize_netcdf_file! :: Union{Tuple{FT}, Tuple{Type{FT}, Vararg{Any, 6}}} where FT
    Subzero.simplify_floes! :: NTuple{7, Any}
    Subzero.calc_one_way_coupling! :: Union{Tuple{FT}, Tuple{StructArrays.StructArray{Floe{FT}}, Vararg{Any, 6}}} where FT
    Subzero.floe_floe_raft! :: Union{Tuple{FT}, Tuple{StructArrays.StructArray{<:Floe{FT}}, Vararg{Any, 10}}} where FT
    Subzero.auto_extension :: Tuple{Any, Any}
    Subzero.compare_floe_data :: Tuple{Any, Any}
    Subzero.OutputWriters
    Subzero.rotate_radians! :: Tuple{Array{Array{Vector{T}, 1}, 1} where T<:Real, Any}
    Subzero.add_point! :: Tuple{Subzero.CellFloes, Any, Any, Any}
    Subzero.add_point! :: Tuple{Subzero.CellFloes, Subzero.CellStresses, Vararg{Any, 5}}
    Subzero.NoFracture
    Subzero.update_boundaries! :: Tuple{Any, Any}
    Subzero.calc_normal_force :: Union{Tuple{FT}, Tuple{Any, Any, Any, Any, Any, FT}} where FT<:AbstractFloat
    Subzero._calculate_hibler :: Union{Tuple{FT}, Tuple{Type{FT}, Any, Any, Any}} where FT
    Subzero.find_shared_edges_midpoint :: Union{Tuple{FT}, Tuple{Array{Array{Vector{FT}, 1}, 1}, Any}} where FT
    Subzero.FloeOutputWriter :: Union{Tuple{FloeOutputWriter}, Tuple{FloeOutputWriter, Any}}
    Subzero.FloeOutputWriter
    Subzero.FloeOutputWriter :: Tuple{Any}
    Subzero.get_known_grid_outputs :: Tuple{}
    Subzero.find_ghosts! :: Union{Tuple{FT}, Tuple{Any, Any, PeriodicBoundary{East, FT}, PeriodicBoundary{West, FT}}} where FT<:AbstractFloat
    Subzero.find_ghosts! :: Union{Tuple{FT}, Tuple{Any, Any, PeriodicBoundary{North, FT}, PeriodicBoundary{South, FT}}} where FT<:AbstractFloat
    Subzero.hashole :: Union{Tuple{Array{Array{Vector{FT}, 1}, 1}}, Tuple{FT}} where FT<:AbstractFloat
    Subzero.hashole :: Tuple{GeoInterface.Wrappers.Polygon{false, false, Array{GeoInterface.Wrappers.LinearRing{false, false, Array{Tuple{T, T}, 1}, Nothing, Nothing}, 1}, Nothing, Nothing} where T}
    Subzero.WeldSettings :: Union{Tuple{Type{FT}}, Tuple{FT}} where FT<:AbstractFloat
    Subzero.WeldSettings
    Subzero.conserve_momentum_fracture_floe! :: Union{Tuple{FT}, Tuple{Any, StructArrays.StructArray{<:Floe{FT}}, Any}} where FT
    Subzero.check_for_edge_mid :: Union{Tuple{FT}, Tuple{Any, Any, Any, Any, Any, FT}} where FT
    Subzero.floe_floe_ridge! :: Union{Tuple{FT}, Tuple{StructArrays.StructArray{<:Floe{FT}}, Vararg{Any, 10}}} where FT
    Subzero.deepcopy_floe :: Union{Tuple{StructArrays.LazyRow{Floe{FT}}}, Tuple{FT}} where FT
    Subzero.timestep_welding! :: Union{Tuple{FT}, Tuple{Any, Any, Any, Any, WeldSettings{FT}, Any, Any, Any}, Tuple{Any, Any, Any, Any, WeldSettings{FT}, Vararg{Any, 4}}} where FT<:AbstractFloat
    Subzero.prettytime :: Tuple{Any}
    Subzero._get_velocity :: Union{Tuple{FT}, Tuple{Union{Floe{FT}, StructArrays.LazyRow{Floe{FT}}}, FT, FT}} where FT
    Subzero.determine_fractures :: Tuple{Any, Subzero.AbstractFractureCriteria, Any}
    Subzero.calc_kinetic_energy :: NTuple{5, Any}
    Subzero.write_init_state_data! :: Tuple{Any}
    Subzero.PolyVec
    Subzero.grid_line_index :: Tuple{Any, Any, Any}
    Subzero.which_points_on_edges :: Tuple{Any, Any}
    Subzero.compare_grid_data :: Tuple{Any, Any}
    Subzero.intersect_polys :: Union{Tuple{FT}, Tuple{Any, Any}, Tuple{Any, Any, Type{FT}}} where FT
    Subzero.Constants :: Union{Tuple{FT}, Tuple{Type{FT}, Vararg{Any}}} where FT<:AbstractFloat
    Subzero.Constants :: Tuple
    Subzero.RingVec
    Subzero.startup_sim :: Union{Tuple{Any}, Tuple{Any, Any}, Tuple{Any, Any, Any}}
    Subzero.DecayAreaScaledCalculator :: Union{Tuple{FT}, Tuple{Type{FT}, Vararg{Any}}} where FT<:AbstractFloat
    Subzero.DecayAreaScaledCalculator
    Subzero.DecayAreaScaledCalculator :: Tuple
    Subzero.plot_conservation :: NTuple{7, Any}
    Subzero.fuse_two_floes! :: Union{Tuple{FT}, Tuple{Union{Floe{FT}, StructArrays.LazyRow{Floe{FT}}}, Vararg{Any, 5}}} where FT
    Subzero.restart! :: NTuple{4, Any}
    Subzero.grid_cell_index :: Tuple{Any, Any, Any}
    Subzero.calc_elastic_forces :: Union{Tuple{FT}, Tuple{Any, Any, Any, Any, FT}} where FT<:AbstractFloat
    Subzero.grid_yc_index :: Tuple{Any, Any, RegRectilinearGrid}
    Subzero.calc_torque! :: Union{Tuple{Union{Floe{FT}, StructArrays.LazyRow{<:Floe{FT}}}}, Tuple{FT}} where FT<:AbstractFloat
    Subzero.floe_to_grid_info! :: Union{Tuple{FT}, Tuple{Any, Any, Any, FT, FT, Vararg{Any, 5}}} where FT
    Subzero.add_floe_ghosts! :: Union{Tuple{FLT}, Tuple{FT}, Tuple{FLT, Any, Any}} where {FT<:AbstractFloat, FLT<:(StructArrays.StructArray{<:Floe{FT}})}
    Subzero.smooth_floes! :: Union{Tuple{FT}, Tuple{StructArrays.StructArray{Floe{FT}}, Vararg{Any, 6}}} where FT<:AbstractFloat
    Subzero.split_floe :: Union{Tuple{FT}, Tuple{Union{Floe{FT}, StructArrays.LazyRow{Floe{FT}}}, Vararg{Any, 4}}} where FT
    Subzero.calc_subfloe_values! :: Union{Tuple{FT}, Tuple{Union{Floe{FT}, StructArrays.LazyRow{Floe{FT}}}, Vararg{Any, 4}}} where FT<:AbstractFloat
    Subzero.calc_stress! :: Union{Tuple{FT}, Tuple{Union{Floe{FT}, StructArrays.LazyRow{Floe{FT}}}, Any, Any}} where FT
    Subzero.timestep_floe_properties! :: Union{Tuple{FT}, Tuple{StructArrays.StructArray{<:Floe{FT}}, Any, Any, Any}} where FT
    Subzero.add_floe_volume! :: NTuple{4, Any}
    Subzero.add_ghosts! :: Union{Tuple{FT}, Tuple{Any, Domain{FT, <:Union{CollisionBoundary, MovingBoundary, OpenBoundary}, <:Union{CollisionBoundary, MovingBoundary, OpenBoundary}, <:Union{CollisionBoundary, MovingBoundary, OpenBoundary}, <:Union{CollisionBoundary, MovingBoundary, OpenBoundary}}}} where FT<:AbstractFloat
    Subzero.add_ghosts! :: Union{Tuple{FT}, Tuple{Any, Domain{FT, <:PeriodicBoundary, <:PeriodicBoundary, <:Union{CollisionBoundary, MovingBoundary, OpenBoundary}, <:Union{CollisionBoundary, MovingBoundary, OpenBoundary}}}} where FT<:AbstractFloat
    Subzero.add_ghosts! :: Union{Tuple{FT}, Tuple{Any, Domain{FT, <:Union{CollisionBoundary, MovingBoundary, OpenBoundary}, <:Union{CollisionBoundary, MovingBoundary, OpenBoundary}, <:PeriodicBoundary, <:PeriodicBoundary}}} where FT<:AbstractFloat
    Subzero.add_ghosts! :: Union{Tuple{FT}, Tuple{Any, Domain{FT, <:PeriodicBoundary, <:PeriodicBoundary, <:PeriodicBoundary, <:PeriodicBoundary}}} where FT<:AbstractFloat
    Subzero.valid_polyvec! :: Tuple{Any}
    Subzero.dissolve_floe! :: Tuple{Any, RegRectilinearGrid, Any, Any}
    Subzero.calc_eulerian_data! :: Union{Tuple{FLT}, Tuple{FT}, Tuple{FLT, Any, Any}} where {FT<:AbstractFloat, FLT<:(StructArrays.StructArray{<:Floe{FT}})}
    Subzero.calc_two_way_coupling! :: Union{Tuple{FT}, Tuple{StructArrays.StructArray{Floe{FT}}, RegRectilinearGrid, Vararg{Any, 6}}} where FT
    Subzero.shift_cell_idx :: Tuple{Any, Any, Union{CollisionBoundary, MovingBoundary, OpenBoundary}}
    Subzero.shift_cell_idx :: Tuple{Any, Any, PeriodicBoundary}
    Subzero.check_energy_momentum_conservation_julia :: Union{Tuple{Any}, Tuple{Any, Any}, Tuple{Any, Any, Any}}
    Subzero.grid_xc_index :: Tuple{Any, Any, RegRectilinearGrid}
    Subzero.translate :: Union{Tuple{FT}, Tuple{Array{Array{Vector{FT}, 1}, 1}, Any, Any}} where FT<:AbstractFloat
    Subzero.SubzeroLogger :: Union{Tuple{String}, Tuple{String, Any}}
    Subzero.SubzeroLogger :: Union{Tuple{Any}, Tuple{Any, Any}}
    Subzero.SubzeroLogger
    Subzero._calculate_mohrs :: Union{Tuple{FT}, Tuple{Type{FT}, Vararg{Any, 4}}} where FT
    Subzero._calculate_mohrs :: Union{Tuple{Type{FT}}, Tuple{FT}, Tuple{Type{FT}, Any}, Tuple{Type{FT}, Any, Any}, Tuple{Type{FT}, Any, Any, Any}} where FT
    Subzero.replace_floe! :: Union{Tuple{FT}, Tuple{Union{Floe{FT}, StructArrays.LazyRow{Floe{FT}}}, Vararg{Any, 4}}} where FT
    Subzero.DamageStressCalculator :: Union{Tuple{FT}, Tuple{Type{FT}, Vararg{Any}}} where FT<:AbstractFloat
    Subzero.DamageStressCalculator
    Subzero.DamageStressCalculator :: Tuple
    Subzero._initialize_floe_field :: Union{Tuple{V}, Tuple{FT}, Tuple{Type{FT}, V, Any, Any, Any}} where {FT<:AbstractFloat, V<:(AbstractVector)}
    Subzero._initialize_floe_field :: Union{Tuple{FT}, Tuple{Type{FT}, Int64, Vararg{Any, 4}}} where FT<:AbstractFloat
    Subzero.find_poly_coords :: Tuple{Any}
    Subzero.FractureSettings
    Subzero.grids_from_lines :: Tuple{Any, Any}
    Subzero.AbstractSubFloePointsGenerator
    Subzero.deform_floe! :: Union{Tuple{FT}, Tuple{Any, GeoInterface.Wrappers.Polygon{false, false, Array{GeoInterface.Wrappers.LinearRing{false, false, Array{Tuple{FT, FT}, 1}, Nothing, Nothing}, 1}, Nothing, Nothing}, Vararg{Any, 4}}} where FT
    Subzero.valid_ringvec! :: Tuple{Any}
    Subzero.teardown_sim :: Tuple{Any}
    Subzero.Simulation
    Subzero.check_cell_bounds :: Tuple{Any, Any, Any, Any, Any, Union{CollisionBoundary, MovingBoundary, OpenBoundary}, PeriodicBoundary}
    Subzero.check_cell_bounds :: Tuple{Any, Any, Any, Any, Any, PeriodicBoundary, Union{CollisionBoundary, MovingBoundary, OpenBoundary}}
    Subzero.check_cell_bounds :: Tuple{Any, Any, Any, Any, Any, Union{CollisionBoundary, MovingBoundary, OpenBoundary}, Union{CollisionBoundary, MovingBoundary, OpenBoundary}}
    Subzero.check_cell_bounds :: Tuple{Any, Any, Any, Any, Any, PeriodicBoundary, PeriodicBoundary}
    Subzero.AbstractStressCalculator
    Subzero.find_interp_knots :: Tuple{Any, Any, Any, Any, Int64, Union{CollisionBoundary, MovingBoundary, OpenBoundary}}
    Subzero.find_interp_knots :: Tuple{Any, Any, Any, Any, Int64, PeriodicBoundary}
    Subzero._generate_voronoi_coords :: Union{Tuple{FT}, Tuple{Int64, Any, Any, Vector{<:Array{Array{Vector{var"#s221"}, 1}, 1} where var"#s221"<:FT}, Any, Int64}} where FT<:AbstractFloat
    Subzero.write_floe_data! :: Tuple{Any, Any, Any}
    Subzero.floe_domain_ridge! :: Union{Tuple{FT}, Tuple{StructArrays.StructArray{<:Floe{FT}}, Any, Union{StructArrays.LazyRow{<:AbstractDomainElement}, AbstractDomainElement}, Vararg{Any, 8}}} where FT
    Subzero.floe_floe_interaction! :: Union{Tuple{FT}, Tuple{Any, Any, Any, Any, Any, Any, FT}} where FT<:AbstractFloat
    Subzero.timestep_collisions! :: Union{Tuple{FT}, Tuple{StructArrays.StructArray{<:Floe{FT}}, Vararg{Any, 6}}} where FT<:AbstractFloat
    Subzero.calc_angular_momentum :: NTuple{7, Any}
    Subzero.InteractionFields
    Subzero.initialize_jld2_file! :: NTuple{5, Any}
    Subzero.check_energy_momentum_conservation_matlab :: Union{Tuple{Any}, Tuple{Any, Any}, Tuple{Any, Any, Any}}
    Subzero.StatusTag
    Subzero.translate! :: Union{Tuple{FT}, Tuple{Array{Array{Vector{FT}, 1}, 1}, Any, Any}} where FT<:AbstractFloat
    Subzero.getattrs :: Tuple{Symbol}
    Subzero.floe_domain_element_interaction! :: Union{Tuple{FT}, Tuple{Union{Floe{FT}, StructArrays.LazyRow{Floe{FT}}}, OpenBoundary, Vararg{Any, 4}}} where FT
    Subzero.floe_domain_element_interaction! :: Union{Tuple{FT}, Tuple{Any, Union{CollisionBoundary, MovingBoundary, TopographyElement}, Any, Any, Any, FT}} where FT
    Subzero.floe_domain_element_interaction! :: Tuple{Any, PeriodicBoundary, Vararg{Any, 4}}
    Subzero.fracture_floes! :: Union{Tuple{FT}, Tuple{StructArrays.StructArray{<:Floe{FT}}, Vararg{Any, 5}}} where FT<:AbstractFloat
    Subzero.AbstractOutputWriter
    Subzero.write_data! :: Tuple{Any, Any, Any}
    Subzero.calc_atmosphere_forcing :: NTuple{7, Any}
    Subzero.InitialStateOutputWriter :: Tuple{InitialStateOutputWriter}
    Subzero.InitialStateOutputWriter
    Subzero.InitialStateOutputWriter :: Tuple{}
    Subzero.SubGridPointsGenerator :: Union{Tuple{FT}, Tuple{Type{FT}, Vararg{Any}}} where FT<:AbstractFloat
    Subzero.SubGridPointsGenerator :: Union{Tuple{FT}, Tuple{RegRectilinearGrid, Int64}} where FT<:AbstractFloat
    Subzero.SubGridPointsGenerator
    Subzero.SubGridPointsGenerator :: Tuple
    Subzero.RidgeRaftSettings :: Union{Tuple{Type{FT}}, Tuple{FT}} where FT<:AbstractFloat
    Subzero.RidgeRaftSettings
    Subzero.ghosts_on_bounds! :: Union{Tuple{FLT}, Tuple{FT}, Tuple{FLT, Any, Any, Any}} where {FT<:AbstractFloat, FLT<:(StructArrays.StructArray{<:Floe{FT}})}
    Subzero.CheckpointOutputWriter :: Union{Tuple{CheckpointOutputWriter}, Tuple{CheckpointOutputWriter, Any}}
    Subzero.CheckpointOutputWriter
    Subzero.CheckpointOutputWriter :: Tuple{Any}
    Subzero.GridOutputWriter :: Union{Tuple{FT}, Tuple{Type{FT}, Vararg{Any}}} where FT<:AbstractFloat
    Subzero.GridOutputWriter :: Union{Tuple{FT}, Tuple{Any, AbstractRectilinearGrid, Any}} where FT<:AbstractFloat
    Subzero.GridOutputWriter
    Subzero.GridOutputWriter :: Tuple{GridOutputWriter}
    Subzero.GridOutputWriter :: Tuple
    Subzero.HiblerYieldCurve :: Union{Tuple{FT}, Tuple{Type{FT}, Vararg{Any}}} where FT<:AbstractFloat
    Subzero.HiblerYieldCurve :: Union{Tuple{StructArrays.StructArray{<:Floe{FT}}}, Tuple{FT}, Tuple{StructArrays.StructArray{<:Floe{FT}}, Any}, Tuple{StructArrays.StructArray{<:Floe{FT}}, Any, Any}} where FT<:AbstractFloat
    Subzero.HiblerYieldCurve
    Subzero.HiblerYieldCurve :: Tuple
    Subzero.run! :: Tuple{Any}
    Base.to_index :: Tuple{InteractionFields}
    Subzero.AbstractDomainElement
    Subzero.calc_friction_forces :: Union{Tuple{FT}, Tuple{Any, Any, Any, Matrix{FT}, Any, Any, Any}} where FT
    Subzero.fuse_floes! :: NTuple{5, Any}
    Subzero.which_vertices_match_points :: Union{Tuple{FT}, Tuple{Any, GeoInterface.Wrappers.Polygon{false, false, Array{GeoInterface.Wrappers.LinearRing{false, false, Array{Tuple{FT, FT}, 1}, Nothing, Nothing}, 1}, Nothing, Nothing}}, Tuple{Any, GeoInterface.Wrappers.Polygon{false, false, Array{GeoInterface.Wrappers.LinearRing{false, false, Array{Tuple{FT, FT}, 1}, Nothing, Nothing}, 1}, Nothing, Nothing}, Any}} where FT
    Subzero.timestep_coupling! :: NTuple{5, Any}
    Subzero.find_center_cell_index :: Tuple{Any, Any, RegRectilinearGrid}
    Subzero.CollisionSettings :: Union{Tuple{Type{FT}}, Tuple{FT}} where FT<:AbstractFloat
    Subzero.CollisionSettings
    Subzero.center_cell_coords :: Union{Tuple{FT}, Tuple{Type{FT}, Int64, Int64, RegRectilinearGrid, Any, Any}} where FT
    Subzero.bin_floe_centroids :: NTuple{5, Any}
    Subzero.update_ghost_timestep_vals! :: Tuple{Any, Any, Any}
    Subzero.write_grid_data! :: NTuple{4, Any}
    Subzero.initialize_floe_field :: Union{Tuple{FT}, Tuple{Type{FT}, Vararg{Any}}} where FT
    Subzero.initialize_floe_field :: Tuple
    Subzero.level_to_string :: Tuple{Any}
    Base.:: :: Tuple{InteractionFields, InteractionFields}
    Subzero.Floe :: Union{Tuple{FT}, Tuple{Any, Any}} where FT

These are docstrings in the checked modules (configured with the modules keyword)
that are not included in canonical @docs or @autodocs blocks.
 [2025/07/07 03:32:35.902] --> /home/runner/.julia/packages/Documenter/uNI6f/src/utilities/utilities.jl:49
DEBUG checking footnote links. [2025/07/07 03:32:35.902] --> /home/runner/.julia/packages/Documenter/uNI6f/src/docchecks.jl:123
INFO  Populate: populating indices. [2025/07/07 03:32:35.902] --> /home/runner/.julia/packages/Documenter/uNI6f/src/builder_pipeline.jl:247
INFO  RenderDocument: rendering document. [2025/07/07 03:32:35.902] --> /home/runner/.julia/packages/Documenter/uNI6f/src/builder_pipeline.jl:265
INFO  HTMLWriter: rendering HTML pages. [2025/07/07 03:32:36.687] --> /home/runner/.julia/packages/Documenter/uNI6f/src/html/HTMLWriter.jl:766
DEBUG Rendering examples/moving_bounds.md [6] [2025/07/07 03:32:36.819] --> /home/runner/.julia/packages/Documenter/uNI6f/src/html/HTMLWriter.jl:818
DEBUG edit_url [2025/07/07 03:32:37.497] --> /home/runner/.julia/packages/Documenter/uNI6f/src/documents.jl:905
DEBUG Rendering api.md [8] [2025/07/07 03:32:39.323] --> /home/runner/.julia/packages/Documenter/uNI6f/src/html/HTMLWriter.jl:818
DEBUG edit_url [2025/07/07 03:32:39.324] --> /home/runner/.julia/packages/Documenter/uNI6f/src/documents.jl:905
DEBUG source_url [2025/07/07 03:32:39.939] --> /home/runner/.julia/packages/Documenter/uNI6f/src/documents.jl:933
DEBUG source_url [2025/07/07 03:32:39.966] --> /home/runner/.julia/packages/Documenter/uNI6f/src/documents.jl:933
DEBUG source_url [2025/07/07 03:32:39.967] --> /home/runner/.julia/packages/Documenter/uNI6f/src/documents.jl:933
DEBUG source_url [2025/07/07 03:32:39.967] --> /home/runner/.julia/packages/Documenter/uNI6f/src/documents.jl:933
DEBUG source_url [2025/07/07 03:32:39.967] --> /home/runner/.julia/packages/Documenter/uNI6f/src/documents.jl:933
DEBUG source_url [2025/07/07 03:32:39.967] --> /home/runner/.julia/packages/Documenter/uNI6f/src/documents.jl:933
DEBUG source_url [2025/07/07 03:32:39.968] --> /home/runner/.julia/packages/Documenter/uNI6f/src/documents.jl:933
DEBUG source_url [2025/07/07 03:32:39.968] --> /home/runner/.julia/packages/Documenter/uNI6f/src/documents.jl:933
DEBUG source_url [2025/07/07 03:32:40.015] --> /home/runner/.julia/packages/Documenter/uNI6f/src/documents.jl:933
DEBUG source_url [2025/07/07 03:32:40.015] --> /home/runner/.julia/packages/Documenter/uNI6f/src/documents.jl:933
DEBUG source_url [2025/07/07 03:32:40.016] --> /home/runner/.julia/packages/Documenter/uNI6f/src/documents.jl:933
DEBUG source_url [2025/07/07 03:32:40.016] --> /home/runner/.julia/packages/Documenter/uNI6f/src/documents.jl:933
DEBUG source_url [2025/07/07 03:32:40.017] --> /home/runner/.julia/packages/Documenter/uNI6f/src/documents.jl:933
DEBUG source_url [2025/07/07 03:32:40.020] --> /home/runner/.julia/packages/Documenter/uNI6f/src/documents.jl:933
DEBUG source_url [2025/07/07 03:32:40.053] --> /home/runner/.julia/packages/Documenter/uNI6f/src/documents.jl:933
DEBUG source_url [2025/07/07 03:32:40.054] --> /home/runner/.julia/packages/Documenter/uNI6f/src/documents.jl:933
DEBUG source_url [2025/07/07 03:32:40.054] --> /home/runner/.julia/packages/Documenter/uNI6f/src/documents.jl:933
DEBUG source_url [2025/07/07 03:32:40.055] --> /home/runner/.julia/packages/Documenter/uNI6f/src/documents.jl:933
DEBUG source_url [2025/07/07 03:32:40.069] --> /home/runner/.julia/packages/Documenter/uNI6f/src/documents.jl:933
DEBUG source_url [2025/07/07 03:32:40.070] --> /home/runner/.julia/packages/Documenter/uNI6f/src/documents.jl:933
DEBUG source_url [2025/07/07 03:32:40.070] --> /home/runner/.julia/packages/Documenter/uNI6f/src/documents.jl:933
DEBUG Rendering contribute.md [9] [2025/07/07 03:32:40.072] --> /home/runner/.julia/packages/Documenter/uNI6f/src/html/HTMLWriter.jl:818
DEBUG edit_url [2025/07/07 03:32:40.072] --> /home/runner/.julia/packages/Documenter/uNI6f/src/documents.jl:905
DEBUG Rendering examples/forcing_contained_floes.md [5] [2025/07/07 03:32:40.073] --> /home/runner/.julia/packages/Documenter/uNI6f/src/html/HTMLWriter.jl:818
DEBUG edit_url [2025/07/07 03:32:40.074] --> /home/runner/.julia/packages/Documenter/uNI6f/src/documents.jl:905
DEBUG Rendering examples/shear_flow.md [3] [2025/07/07 03:32:40.211] --> /home/runner/.julia/packages/Documenter/uNI6f/src/html/HTMLWriter.jl:818
DEBUG edit_url [2025/07/07 03:32:40.212] --> /home/runner/.julia/packages/Documenter/uNI6f/src/documents.jl:905
DEBUG Rendering examples/simple_strait.md [4] [2025/07/07 03:32:40.215] --> /home/runner/.julia/packages/Documenter/uNI6f/src/html/HTMLWriter.jl:818
DEBUG edit_url [2025/07/07 03:32:40.215] --> /home/runner/.julia/packages/Documenter/uNI6f/src/documents.jl:905
DEBUG Rendering examples/restart_sim.md [7] [2025/07/07 03:32:40.218] --> /home/runner/.julia/packages/Documenter/uNI6f/src/html/HTMLWriter.jl:818
DEBUG edit_url [2025/07/07 03:32:40.219] --> /home/runner/.julia/packages/Documenter/uNI6f/src/documents.jl:905
DEBUG Rendering index.md [1] [2025/07/07 03:32:40.222] --> /home/runner/.julia/packages/Documenter/uNI6f/src/html/HTMLWriter.jl:818
DEBUG edit_url [2025/07/07 03:32:40.222] --> /home/runner/.julia/packages/Documenter/uNI6f/src/documents.jl:905
DEBUG source_url [2025/07/07 03:32:40.432] --> /home/runner/.julia/packages/Documenter/uNI6f/src/documents.jl:933
DEBUG Rendering tutorial.md [2] [2025/07/07 03:32:40.439] --> /home/runner/.julia/packages/Documenter/uNI6f/src/html/HTMLWriter.jl:818
DEBUG edit_url [2025/07/07 03:32:40.440] --> /home/runner/.julia/packages/Documenter/uNI6f/src/documents.jl:905
WARN  For 5 @example blocks, the 'text/html' representation of the resulting
object is above the threshold (example_size_threshold: 8192 bytes).
- 5 blocks had 'image/png' fallback image representation available, using that.
  On pages: examples/forcing_contained_floes.md, tutorial.md
 [2025/07/07 03:32:40.682] --> /home/runner/.julia/packages/Documenter/uNI6f/src/html/HTMLWriter.jl:847
